待改写欺诈样本: 400 条

=== 策略: trust ===
  进度 50/400  (25s)
  进度 100/400  (49s)
  进度 150/400  (73s)
  进度 200/400  (92s)
  进度 250/400  (119s)
  进度 300/400  (144s)
  进度 350/400  (167s)
  进度 400/400  (190s)
  完成: 400 条 (失败 0),保存至 data/rewritten/test_trust.csv ,耗时 190s

=== 策略: urgency ===
  进度 50/400  (15s)
  进度 100/400  (31s)
  进度 150/400  (47s)
  进度 200/400  (62s)
  进度 250/400  (76s)
  进度 300/400  (94s)
  进度 350/400  (107s)
  进度 400/400  (125s)
  完成: 400 条 (失败 0),保存至 data/rewritten/test_urgency.csv ,耗时 125s

=== 策略: emotion ===
  进度 50/400  (21s)
  进度 100/400  (39s)
  进度 150/400  (60s)
  进度 200/400  (77s)
  进度 250/400  (97s)
  进度 300/400  (117s)
  进度 350/400  (136s)
  进度 400/400  (154s)
  完成: 400 条 (失败 0),保存至 data/rewritten/test_emotion.csv ,耗时 154s

=== 策略: authority ===
  进度 50/400  (20s)
  进度 100/400  (37s)
  进度 150/400  (53s)
  进度 200/400  (68s)
  进度 250/400  (85s)
  进度 300/400  (103s)
  进度 350/400  (119s)
  进度 400/400  (137s)
  完成: 400 条 (失败 0),保存至 data/rewritten/test_authority.csv ,耗时 137s

=== 策略: paraphrase ===
  进度 50/400  (17s)
  进度 100/400  (32s)
  进度 150/400  (49s)
  进度 200/400  (62s)
  进度 250/400  (79s)
  进度 300/400  (94s)
  进度 350/400  (110s)
  进度 400/400  (124s)
  完成: 400 条 (失败 0),保存至 data/rewritten/test_paraphrase.csv ,耗时 124s
