=== evasion ===
待改写欺诈样本: 400 条

=== 策略: evasion ===
  进度 50/400  (11s)
  进度 100/400  (23s)
  进度 150/400  (35s)
  进度 200/400  (44s)
  进度 250/400  (57s)
  进度 300/400  (68s)
  进度 350/400  (79s)
  进度 400/400  (92s)
  完成: 400 条 (失败 0),保存至 data/rewritten/test_evasion.csv ,耗时 92s
=== benign_disguise ===
待改写欺诈样本: 400 条

=== 策略: benign_disguise ===
  进度 50/400  (24s)
  进度 100/400  (46s)
  进度 150/400  (68s)
  进度 200/400  (88s)
  进度 250/400  (111s)
  进度 300/400  (132s)
  进度 350/400  (152s)
  进度 400/400  (174s)
  完成: 400 条 (失败 0),保存至 data/rewritten/test_benign_disguise.csv ,耗时 174s
=== code_switch ===
待改写欺诈样本: 400 条

=== 策略: code_switch ===
  进度 50/400  (14s)
  进度 100/400  (28s)
  进度 150/400  (41s)
  进度 200/400  (53s)
  进度 250/400  (68s)
  进度 300/400  (82s)
  进度 350/400  (94s)
  进度 400/400  (108s)
  完成: 400 条 (失败 0),保存至 data/rewritten/test_code_switch.csv ,耗时 108s
