评估样本数(欺诈): 400
参评模型: ['TF-IDF+LogisticRegression', 'TextCNN', 'BiLSTM', 'MacBERT', 'RoBERTa']
可用策略: ['trust', 'urgency', 'emotion', 'authority', 'paraphrase', 'evasion', 'benign_disguise', 'code_switch']

--- 模型 TF-IDF+LogisticRegression ---
  original   : 检出率 1.0000  置信度 0.9908
  trust        : 检出率 1.0000 (ΔDR +0.0000)  置信度 0.9864 (Δprob +0.0044)
  urgency      : 检出率 1.0000 (ΔDR +0.0000)  置信度 0.9777 (Δprob +0.0131)
  emotion      : 检出率 0.9975 (ΔDR +0.0025)  置信度 0.9198 (Δprob +0.0710)
  authority    : 检出率 1.0000 (ΔDR +0.0000)  置信度 0.9748 (Δprob +0.0160)
  paraphrase   : 检出率 0.9875 (ΔDR +0.0125)  置信度 0.9052 (Δprob +0.0856)
  evasion      : 检出率 0.9425 (ΔDR +0.0575)  置信度 0.8561 (Δprob +0.1347)
  benign_disguise: 检出率 0.9975 (ΔDR +0.0025)  置信度 0.9730 (Δprob +0.0178)
  code_switch  : 检出率 0.9925 (ΔDR +0.0075)  置信度 0.9458 (Δprob +0.0450)

--- 模型 TextCNN ---
  original   : 检出率 1.0000  置信度 0.9996
  trust        : 检出率 1.0000 (ΔDR +0.0000)  置信度 0.9995 (Δprob +0.0001)
  urgency      : 检出率 1.0000 (ΔDR +0.0000)  置信度 0.9971 (Δprob +0.0025)
  emotion      : 检出率 1.0000 (ΔDR +0.0000)  置信度 0.9895 (Δprob +0.0101)
  authority    : 检出率 1.0000 (ΔDR +0.0000)  置信度 0.9995 (Δprob +0.0001)
  paraphrase   : 检出率 0.9825 (ΔDR +0.0175)  置信度 0.9659 (Δprob +0.0337)
  evasion      : 检出率 0.9300 (ΔDR +0.0700)  置信度 0.9127 (Δprob +0.0869)
  benign_disguise: 检出率 0.9775 (ΔDR +0.0225)  置信度 0.9688 (Δprob +0.0308)
  code_switch  : 检出率 0.9875 (ΔDR +0.0125)  置信度 0.9843 (Δprob +0.0153)

--- 模型 BiLSTM ---
  original   : 检出率 0.9975  置信度 0.9975
  trust        : 检出率 0.9825 (ΔDR +0.0150)  置信度 0.9837 (Δprob +0.0138)
  urgency      : 检出率 0.9975 (ΔDR +0.0000)  置信度 0.9981 (Δprob -0.0006)
  emotion      : 检出率 0.9975 (ΔDR +0.0000)  置信度 0.9976 (Δprob -0.0001)
  authority    : 检出率 1.0000 (ΔDR -0.0025)  置信度 0.9994 (Δprob -0.0019)
  paraphrase   : 检出率 0.9725 (ΔDR +0.0250)  置信度 0.9702 (Δprob +0.0273)
  evasion      : 检出率 0.8625 (ΔDR +0.1350)  置信度 0.8582 (Δprob +0.1393)
  benign_disguise: 检出率 0.9825 (ΔDR +0.0150)  置信度 0.9772 (Δprob +0.0203)
  code_switch  : 检出率 0.9700 (ΔDR +0.0275)  置信度 0.9650 (Δprob +0.0325)

--- 模型 MacBERT ---
  original   : 检出率 1.0000  置信度 0.9998
  trust        : 检出率 1.0000 (ΔDR +0.0000)  置信度 0.9999 (Δprob -0.0000)
  urgency      : 检出率 1.0000 (ΔDR +0.0000)  置信度 0.9998 (Δprob +0.0001)
  emotion      : 检出率 1.0000 (ΔDR +0.0000)  置信度 0.9993 (Δprob +0.0005)
  authority    : 检出率 1.0000 (ΔDR +0.0000)  置信度 0.9999 (Δprob -0.0000)
  paraphrase   : 检出率 0.9950 (ΔDR +0.0050)  置信度 0.9949 (Δprob +0.0050)
  evasion      : 检出率 0.9900 (ΔDR +0.0100)  置信度 0.9908 (Δprob +0.0091)
  benign_disguise: 检出率 0.9900 (ΔDR +0.0100)  置信度 0.9898 (Δprob +0.0100)
  code_switch  : 检出率 0.9900 (ΔDR +0.0100)  置信度 0.9901 (Δprob +0.0097)

--- 模型 RoBERTa ---
  original   : 检出率 0.9975  置信度 0.9965
  trust        : 检出率 1.0000 (ΔDR -0.0025)  置信度 0.9972 (Δprob -0.0007)
  urgency      : 检出率 1.0000 (ΔDR -0.0025)  置信度 0.9991 (Δprob -0.0026)
  emotion      : 检出率 1.0000 (ΔDR -0.0025)  置信度 0.9981 (Δprob -0.0016)
  authority    : 检出率 1.0000 (ΔDR -0.0025)  置信度 0.9994 (Δprob -0.0029)
  paraphrase   : 检出率 0.9875 (ΔDR +0.0100)  置信度 0.9856 (Δprob +0.0108)
  evasion      : 检出率 0.9800 (ΔDR +0.0175)  置信度 0.9782 (Δprob +0.0183)
  benign_disguise: 检出率 0.9325 (ΔDR +0.0650)  置信度 0.9275 (Δprob +0.0690)
  code_switch  : 检出率 0.9400 (ΔDR +0.0575)  置信度 0.9344 (Δprob +0.0621)

鲁棒性结果已保存。
