待攻击欺诈样本: 200 条
加载 MLM 候选生成器(原始 MacBERT)...
Loading weights:   0%|          | 0/204 [00:00<?, ?it/s]Loading weights: 100%|██████████| 204/204 [00:00<00:00, 23342.37it/s]
[transformers] [1mBertForMaskedLM LOAD REPORT[0m from: /home/qiqi/.cache/hf_manual/chinese-macbert-base
Key                         | Status     |  | 
----------------------------+------------+--+-
cls.seq_relationship.weight | UNEXPECTED |  | 
bert.pooler.dense.weight    | UNEXPECTED |  | 
bert.pooler.dense.bias      | UNEXPECTED |  | 
cls.seq_relationship.bias   | UNEXPECTED |  | 

Notes:
- UNEXPECTED:	can be ignored when loading from different task/architecture; not ok if you expect identical arch.

=== 攻击目标: BiLSTM ===
Loading weights:   0%|          | 0/201 [00:00<?, ?it/s]Loading weights: 100%|██████████| 201/201 [00:00<00:00, 2679.12it/s]
  25/200  成功 22  跳过 0  (25s)
  50/200  成功 44  跳过 0  (49s)
  75/200  成功 66  跳过 0  (74s)
  100/200  成功 87  跳过 0  (104s)
  125/200  成功 112  跳过 0  (120s)
  150/200  成功 135  跳过 0  (148s)
  175/200  成功 155  跳过 0  (170s)
  200/200  成功 177  跳过 0  (193s)
  [结果] ASR=0.8850  扰动率=0.0862  平均查询=483.8  攻击后准确率=0.1150

=== 攻击目标: TextCNN ===
  25/200  成功 10  跳过 0  (44s)
  50/200  成功 23  跳过 0  (85s)
  75/200  成功 33  跳过 0  (125s)
  100/200  成功 44  跳过 0  (175s)
  125/200  成功 56  跳过 0  (212s)
  150/200  成功 69  跳过 0  (265s)
  175/200  成功 79  跳过 0  (300s)
  200/200  成功 87  跳过 0  (351s)
  [结果] ASR=0.4350  扰动率=0.1047  平均查询=790.5  攻击后准确率=0.5650

=== 攻击目标: TF-IDF+LR ===
  25/200  成功 13  跳过 0  (54s)
  50/200  成功 25  跳过 0  (104s)
  75/200  成功 37  跳过 0  (151s)
  100/200  成功 49  跳过 0  (213s)
  125/200  成功 63  跳过 0  (254s)
  150/200  成功 70  跳过 0  (326s)
  175/200  成功 84  跳过 0  (366s)
  200/200  成功 95  跳过 0  (418s)
  [结果] ASR=0.4750  扰动率=0.1401  平均查询=717.6  攻击后准确率=0.5250

=== 攻击目标: RoBERTa ===
  25/200  成功 1  跳过 0  (192s)
  50/200  成功 2  跳过 0  (264s)
  75/200  成功 2  跳过 0  (332s)
  100/200  成功 3  跳过 0  (413s)
  125/200  成功 4  跳过 0  (473s)
  150/200  成功 4  跳过 1  (563s)
  175/200  成功 7  跳过 1  (617s)
  200/200  成功 9  跳过 1  (682s)
  [结果] ASR=0.0452  扰动率=0.0465  平均查询=740.9  攻击后准确率=0.9548

=== 攻击目标: MacBERT ===
Loading weights:   0%|          | 0/201 [00:00<?, ?it/s]Loading weights: 100%|██████████| 201/201 [00:00<00:00, 2756.52it/s]
  25/200  成功 4  跳过 0  (64s)
  50/200  成功 6  跳过 0  (131s)
  75/200  成功 7  跳过 0  (193s)
  100/200  成功 14  跳过 0  (264s)
  125/200  成功 16  跳过 0  (322s)
  150/200  成功 18  跳过 0  (405s)
  175/200  成功 22  跳过 0  (461s)
  200/200  成功 26  跳过 0  (530s)
  [结果] ASR=0.1300  扰动率=0.1282  平均查询=711.6  攻击后准确率=0.8700

TextFooler 结果已保存至 outputs/results/textfooler_results.json
